<!DOCTYPE html>
<html lang="en">
  <head>
        <title>Strafforts | Strava User | Overview</title>

    <meta charset="utf-8">

    <!-- Google Tag Manager -->
<script>(function(w,d,s,l,i){w[l]=w[l]||[];w[l].push({'gtm.start':
new Date().getTime(),event:'gtm.js'});var f=d.getElementsByTagName(s)[0],
j=d.createElement(s),dl=l!='dataLayer'?'&l='+l:'';j.async=true;j.src=
'https://www.googletagmanager.com/gtm.js?id='+i+dl;f.parentNode.insertBefore(j,f);
})(window,document,'script','dataLayer','');</script>
<!-- End Google Tag Manager -->


    <!-- Tell the browser to be responsive to screen width -->
    <meta content="width=device-width, initial-scale=1" name="viewport">

    <!-- SEO meta tags -->
    <meta name="author" content="Yi Zeng">
        <meta property="og:title" content="Strafforts | Strava User | Overview" />
    <meta property="og:locale" content="en" />
    <meta name="description" content="Visualized Strava running best efforts, PBs/PRs and races data for Strava User." />
    <meta property="og:description" content="Visualized Strava running best efforts, PBs/PRs and races data for Strava User." />
    <meta property="og:url" content="https://www.strafforts.com" />
    <meta name="keywords" content="strava,strafforts,bestefforts,pb,races,running,data,visualizer,analyticsStrava User"/>
    <script type="application/ld+json">{"@context": "http://schema.org","@type": "WebSite","name": "Straffrots","author":"Yi Zeng","description":"Visualized Strava running best efforts, PBs/PRs and races data for Strava User.","url": "https://www.strafforts.com/athletes/98765"}</script>

    

    <!-- HTML5 Shim and Respond.js IE8 support of HTML5 elements and media queries -->
    <!-- WARNING: Respond.js doesn't work if you view the page via file:// -->
    <!--[if lt IE 9]>
      <script src="/assets/html5shiv/dist/html5shiv.min.js"></script>
      <script src="/assets/respond.js/dest/respond.min.js"></script>
    <![endif]-->

    <link rel="stylesheet" media="all" href="/packs-test/athletes.css" />

    <link rel="dns-prefetch" href="//fonts.googleapis.com/">
  </head>

  <body class="hold-transition skin-black-light sidebar-mini page-loading">

  <!-- Google Tag Manager (noscript) -->
<noscript><iframe src="https://www.googletagmanager.com/ns.html?id="
height="0" width="0" style="display:none;visibility:hidden"></iframe></noscript>
<!-- End Google Tag Manager (noscript) -->


  <div id="fb-root"></div>
  <div class="wrapper">

    <header class="main-header">
  <a class="logo" title="Strafforts" href="/">
    <!-- Logo -->
    <!-- mini logo for sidebar mini 50x50 pixels -->
    <span class="logo-mini">
      <b>S</b>FTS</span>
    <!-- logo for regular state and mobile devices -->
    <span class="logo-lg">
      <b>Stra</b>fforts</span>
  </a>

  <!-- Header Navbar: style can be found in header.less -->
  <nav class="navbar navbar-static-top">

    <!-- Sidebar toggle button-->
    <a class="sidebar-toggle hidden-lg-up" title="Toggle Navigation Sidebar" data-toggle="push-menu" href="#" role="button">
      <span class="sr-only">Toggle navigation</span>
    </a>

    <div class="navbar-custom-menu">
      <ul class="nav navbar-nav">
        <li class="hidden-xs-down">
          <div class="fb-like" data-href="https://www.facebook.com/strafforts" data-layout="button_count"
            data-action="like" data-size="small" data-show-faces="false" data-share="false"></div>
        </li>

        <li class="dropdown user user-menu">
          <a class="dropdown-toggle" data-toggle="dropdown" href="#" title="Toggle User Dropdown Menu">
                <img alt="User Image" class="athlete-image user-image" src="/assets/strava-profile.png">
            <span class="hidden-xs athlete-name">Strava User</span>
          </a>

          <ul class="dropdown-menu">
            <li class="user-header">
              <a class="athlete-link" href="https://www.strava.com/athletes/98765" target="_blank">
                    <img alt="User Image" class="athlete-image img-circle" src="/assets/strava-profile.png">
              </a>
              <p>
                <span class="athlete-name">Strava User</span>
              </p>
              <p>
                <small class="athlete-location"></small>
              </p>
            </li>

            <!-- Menu Body -->
            <li class="user-body">
              <div class="row">
                <div class="col-xs-4 text-center">
                  Following<br/>
                  <a class="athlete-following" title="Following" href="https://www.strava.com/athletes/98765/follows?type=following" target="_blank">
                    0
                  </a>
                </div>

                <div class="col-xs-4 text-center">
                  <a href="#"></a>
                </div>

                <div class="col-xs-4 text-center">
                  Follower<br/>
                  <a class="athlete-follower" title="Follower" href="https://www.strava.com/athletes/98765/follows?type=followers" target="_blank">
                    0
                  </a>
                </div>
              </div>
            </li>
          </ul>
        </li>

        <li class="hidden-xs-down">
          <a class='subscription-badge'>
            <span class="free-account">
              FREE
            </span>
          </a>
        </li>

        <li>
          <a class="social-sharing-toggle hidden-xs-down" href="#" data-toggle="modal" data-target="#modal-social-sharing" title="Share Your Profile">
            <i class="fa fa-share-alt"></i>
          </a>
        </li>

        <li>
          <a class="show-faq" href="?view=faq" title="Show FAQ">
            <i class="fa fa-question-circle"></i>
          </a>
        </li>

          <li>
            <a href="#" class="control-sidebar-toggle" data-toggle="control-sidebar" title="Toggle Settings">
              <i class="fa fa-gears"></i>
            </a>
          </li>
      </ul>
    </div>
  </nav>
</header>

<!-- Modal - Social Sharing -->
<div class="modal" id="modal-social-sharing" tabindex="-1" role="dialog" aria-labelledby="modal-social-sharing-label">
  <div class="modal-dialog" role="document">
    <div class="modal-content">
      <div class="modal-header">
        <button type="button" class="close" data-dismiss="modal" aria-label="Close">
          <span aria-hidden="true">&times;</span>
        </button>
        <h4 class="modal-title" id="modal-social-sharing-label">
          Share Your Profile
        </h4>
      </div>
      <div class="modal-body">
          <p class="text-center"><strong>Remember to set your profile to public before sharing your profile.</strong></p>
        <div class='loading-icon-panel text-center overlay'>
            <span title='Loading Sharing Plugin...'>
                <i class='fa fa-spin fa-refresh'></i>
            </span>
        </div>
        <!-- Go to www.addthis.com/dashboard to customize your tools -->
        <div class="addthis_inline_share_toolbox text-center"></div>
      </div>
      <div class="modal-footer">
        <button type="button" class="btn btn-default text-center" data-dismiss="modal">Close</button>
      </div>
    </div>
  </div>
</div>

    <!-- Left side column. contains the logo and sidebar -->
<aside class="main-sidebar">
  <section class="sidebar">
    <!-- sidebar: style can be found in sidebar.less -->
    <div class="text-center user-panel">
      <!-- Sidebar user panel -->
      <div class="image">
        <span class="athlete-link">
          <img alt="User Image" class="athlete-image img-circle" src="/assets/strava-profile.png">
        </span>
      </div>

      <div class="info">
        <span id="athlete-id" class="hidden">98765</span>
        <span class="athlete-name">Strava User</span>

        <p class='subscription-badge'>
          <span class="label free-account">
            FREE
          </span>
        </p>

      </div>
    </div>

    <ul class="sidebar-menu" data-widget="tree">
      <li>
        <a class="show-overview treeview-header" href="?view=overview">
          <i class="fa fa-home"></i>
          <span>Overview</span>
        </a>
      </li>

      <li>
        <a class="show-best-efforts treeview-header" href="?view=best-efforts">
          <i class="fa fa-flag-checkered"></i>
          <span>Best Efforts</span>
        </a>
      </li>

      <li class="active treeview">
        <a class="treeview-header disabled" href="#">
          <i class="fa fa-trophy"></i>
          <span>PBs by Distance</span>
        </a>

        <ul class="treeview-menu">
          <li id="treeview-menu-personal-bests-for-distance" class="treeview-expander treeview">
            <a href="#" class="show-more-distance">
              <i class="fa fa-circle-o"> </i>More Distances
              <span class='subscription-badge'><span class="label">PRO</span></span>
            </a>

            <ul class="treeview-menu disabled pro-only"></ul>
          </li>
        </ul>
      </li>

      <li class="active treeview">
        <a class="treeview-header disabled" href="#">
          <i class="fa fa-pie-chart"></i>
          <span>Races by Distance</span>
        </a>

        <ul class="treeview-menu">

          <li id="treeview-menu-races-for-distance" class="treeview-expander treeview">
            <a href="#" class="show-more-distance">
              <i class="fa fa-circle-o"> </i>More Distances
              <span class='subscription-badge'><span class="label">PRO</span></span>
            </a>

            <ul class="treeview-menu disabled pro-only"></ul>
          </li>
        </ul>
      </li>

      <li>
        <a class="show-races-timeline treeview-header disabled pro-only"
          href="?view=timeline&type=races">
          <i class="fa fa-calendar"></i>
          <span class="item-text">Races Timeline</span>
          <span class='subscription-badge'><span class="label">PRO</span></span>
        </a>
      </li>

      <li class="active treeview">
        <a class="treeview-header disabled" href="#">
          <i class="fa fa-line-chart"></i>
          <span>Races by Year</span>
          <span class='subscription-badge'><span class="label">PRO</span></span>
        </a>

        <ul class="treeview-menu disabled pro-only">
          <li id="treeview-menu-races-for-year" class="treeview-expander treeview hidden"></li>
        </ul>
      </li>
    </ul>
  </section>
  <!-- /.sidebar -->
</aside>

    <!-- Content Wrapper. Contains page content -->
    <div class="content-wrapper">


      <div class="global-message bg-yellow hidden-md-up">
        <span>For better Strafforts user experience with more data displayed, please consider using devices with larger screens.</span>
      </div>

      <!-- Content Header (Page header) -->
      <section class="content-header">
        <ol class="breadcrumb">
          <li>
            <a class="show-overview" href="#">
              <i class="fa fa-home"></i>
              Strafforts
            </a>
          </li>
        </ol>
      </section>

      <!-- Main content -->
      <section class="content" id="main-content">
        <div class='loading-icon-panel text-center overlay'>
          <span title='Loading Data...'>
            <i class='fa fa-spin fa-refresh'></i>
          </span>
        </div>
      </section>
    </div><!-- /.content-wrapper -->

    <footer class="main-footer">
  <span class="pull-right">
      <a class="bg-strava btn label" href="mailto:support@strafforts.com" target="_blank">Contact Us</a>
          <small>v1.7.3</small>
  </span>
</footer>


      <!-- Control Sidebar -->
<aside class="control-sidebar control-sidebar-light">
  <!-- Create the tabs -->
  <ul class="nav nav-tabs nav-justified control-sidebar-tabs">
    <li class="active">
      <a href="#control-sidebar-profile-tab" data-toggle="tab" title="Show Profile Tab">
        <i class="fa fa-gears"></i>
      </a>
    </li>
    <li>
      <a href="#control-sidebar-data-tab" data-toggle="tab" title="Show Data Tab">
        <i class="fa fa-bar-chart"></i>
      </a>
    </li>
    <li>
      <a href="#control-sidebar-diagnostics-tab" data-toggle="tab" title="Show Diagnostics Tab">
        <i class="fa fa-wrench"></i>
      </a>
    </li>
  </ul>

  <div class="tab-content">
    <!-- Profile tab content -->
    <div class="tab-pane active" id="control-sidebar-profile-tab">
      <h3 class="control-sidebar-heading">Email</h3>
      <div class="form-group">
        <label class="control-sidebar-subheading">Status:
          <span class='subscription-badge pull-right'>
            <span class="label pro-account">
              Unverified
            </span>
          </span>
        </label>
        <label class="control-sidebar-subheading">
          Email:
        </label>
        <p>tony.stark@avenger.com</p>
      </div>

      <h3 class="control-sidebar-heading">PRO Plan</h3>
      <div class="form-group">
        <label class="control-sidebar-subheading">Status:
          <span class='subscription-badge pull-right'>
            <span class="label free-account">
              FREE
            </span>
          </span>
        </label>
      </div>
        <a href="/athletes/98765/get-pro" class="btn btn-block btn-flat btn-danger get-pro">Upgrade</a>

      <form class="form-save-profile" action="/api/athletes/98765/save-profile" accept-charset="UTF-8" method="post"><input name="utf8" type="hidden" value="&#x2713;" />
      <h3 class="control-sidebar-heading">Profile Settings</h3>
      <div class="form-group">
        <label class="control-sidebar-subheading">
          Measurement Unit:
          <span class="pull-right"></span>
        </label>
        <p>
          Synced from your Strava account.
        </p>
      </div>
      <div class="form-group">
        <label class="control-sidebar-subheading">
          Heart Rate Zones:
          <span class="pull-right underline show-hear-rate-zones" data-toggle="modal" data-target="#modal-heart-rate-zones" title="Show Heart Rate Zones">
            show details
          </span>
        </label>
        <p>
          Synced from your Strava account.
        </p>
      </div>
      <div class="form-group">
        <label class="control-sidebar-subheading checkbox inline" for="is_public">Public Profile:</label>
        <input type="checkbox" name="is_public" id="is_public" value="false" class="pull-right" />
        <p>
          Allows you to share this page.
        </p>
        <p id="publicize-profile-warning" class="alert alert-warning hidden">
          <small>If your profile was previously shared to anyone, they can no longer access this page.</small>
        </p>
      </div>
      <button class="btn btn-block btn-default btn-flat submit-form" type="submit">
        Save
      </button>
</form>
      <div class="form-group">
        <h3 class="control-sidebar-heading">Sign Out</h3>
        <a href="/auth/logout" class="btn btn-block btn-default btn-flat sign-out">
          <i class="fa fa-sign-out"></i>
          Sign Out
        </a>
      </div>
    </div>

    <!-- Data tab content -->
    <div class="tab-pane" id="control-sidebar-data-tab">
      <h3 class="control-sidebar-heading">Data Settings
          <span class='subscription-badge pull-right'>
            <span class="label">PRO</span>
          </span>
      </h3>
      <p>
        Slowly getting implemented...
      </p>
    </div>

    <!-- Diagnostics tab content -->
    <div class="tab-pane" id="control-sidebar-diagnostics-tab">
      <h3 class="control-sidebar-heading">Diagnostics</h3>
      <div class="form-group">
        <label class="control-sidebar-subheading">
          Last activity retrieved:
        </label>
        <div class="control-sidebar-subheading text-center">
          <label class="last-activity-na ">N/A</label>
          <label>
            <a class="last-activity-retrieved hidden"
              href="https://www.strava.com/activities/" target="_blank"
              title="Open Last Retrieved Activity">
              
            </a>
          </label>
        </div>
      </div>

      <div class="form-group">
        <label class="control-sidebar-subheading">Last updated at:</label>
        <label></label>
        <label class="pull-right">2018-12-01 14:00 UTC</label>
      </div>

      <div class="form-group">
        <h3 class="control-sidebar-heading">Fetch Now<span class='subscription-badge pull-right'><span class="label">PRO</span></span></h3>
        <div>
          <form class="form-fetch-latest-activities" action="/api/athletes/98765/fetch-latest" accept-charset="UTF-8" method="post"><input name="utf8" type="hidden" value="&#x2713;" />
            <button type="submit" class="btn btn-block btn-default btn-flat submit-form" disabled>
              Fetch Now
            </button>
</form>        </div>
      </div>

      <div class="form-group reset-profile">
        <h3 class="control-sidebar-heading">Reset Profile<span class='subscription-badge pull-right'><span class="label">PRO</span></span></h3>
        <p>
          <label class="control-sidebar-subheading checkbox inline" for="is_hard_reset">Delete existing data:</label>
          <input type="checkbox" name="is_hard_reset" id="is_hard_reset" value="false" class="pull-right" disabled="disabled" />
        </p>
        <button type="button" class="btn btn-block btn-danger btn-flat" data-toggle="modal" data-target="#confirm-reset-profile" disabled>
          Reset
        </button>
      </div>

      <div class="form-group">
        <h3 class="control-sidebar-heading">Delete Profile</h3>
        <p>Revoke access to Strava and delete all activities from our server.</p>
        <button type="button" class="btn btn-block btn-danger btn-flat" data-toggle="modal" data-target="#confirm-delete-profile">
          Delete
        </button>
      </div>
    </div>
  </div>
</aside>

<!-- Add the sidebar's background. This div must be placed
       immediately after the control sidebar -->
<div class="control-sidebar-bg"></div>

<!-- Modal - Confirm Profile Reset -->
<form class="form-reset-profile" action="/api/athletes/98765/reset-profile" accept-charset="UTF-8" method="post"><input name="utf8" type="hidden" value="&#x2713;" />
  <div class="modal modal-danger" id="confirm-reset-profile" tabindex="-1" role="dialog" aria-labelledby="confirm-reset-profile-label">
    <div class="modal-dialog" role="document">
      <div class="modal-content">
        <div class="modal-header">
          <button type="button" class="close" data-dismiss="modal" aria-label="Close">
            <span aria-hidden="true">&times;</span>
          </button>
          <h4 class="modal-title" id="confirm-reset-profile-label">Are you sure?</h4>
        </div>
        <div class="modal-body">
          <p>By clicking 'Confirm' below, Strafforts will queue for a full re-synchronization of all your data.</p>
          <p>This would normally take a while (depending on server load) until you get all your data updated.</p>
        </div>
        <div class="modal-footer">
          <button type="button" class="btn btn-outline" data-dismiss="modal">Cancel</button>
          <button type="submit" class="btn btn-outline submit-form">Confirm</button>
        </div>
      </div>
    </div>
  </div>
</form>
<!-- Modal - Confirm Profile Deletion -->
<div class="modal modal-danger" id="confirm-delete-profile" tabindex="-1" role="dialog" aria-labelledby="confirm-delete-profile-label">
  <div class="modal-dialog" role="document">
    <div class="modal-content">
      <div class="modal-header">
        <button type="button" class="close" data-dismiss="modal" aria-label="Close">
          <span aria-hidden="true">&times;</span>
        </button>
        <h4 class="modal-title" id="confirm-delete-profile-label">Are you sure?</h4>
      </div>
      <div class="modal-body">
        <p>By clicking 'Confirm' below, Strafforts will schedule to revoke access to your Strava account and delete all your date from our server.</p>
        <p><strong>Note</strong>: If you currently have a PRO subscription, it will be deleted together with your account!</p>
      </div>
      <div class="modal-footer">
        <button type="button" class="btn btn-outline" data-dismiss="modal">Cancel</button>
        <a href="/auth/deauthorize" class="btn btn-outline">Confirm</a>
      </div>
    </div>
  </div>
</div>

<!-- Modal - Heart Rate Zones -->
<div class="modal" id="modal-heart-rate-zones" tabindex="-1" role="dialog" aria-labelledby="modal-heart-rate-zones-label">
  <div class="modal-dialog" role="document">
    <div class="modal-content">
      <div class="modal-header">
        <button type="button" class="close" data-dismiss="modal" aria-label="Close">
          <span aria-hidden="true">&times;</span>
        </button>
        <h4 class="modal-title" id="modal-heart-rate-zones-label">Heart Rate Zones</h4>
      </div>
      <div class="modal-body">
        <p>
          <strong>
            Strava creates heart rate zones by default.
            For Strava users on a premium plan, custom HR zones can be created at
            <a href="https://www.strava.com/settings/performance" target="_blank">Settings - My Performance</a>
            and will be synced here periodically.
          </strong>
        </p>
        <p>
          <strong>
            HR zones synced from your Strava account: (default)
          </strong>
        </p>
        <table class="table table-striped">
          <tbody>
          <tr>
            <td>Zone #</td>
            <td>Minimum</td>
            <td>Maximum</td>
          </tr>
          <tr>
            <td>Zone 1</td>
            <td class="badge-cell"><span class="badge hr-zone-1">0</span></td>
            <td class="badge-cell"><span class="badge hr-zone-1">123</span></td>
          </tr>
          <tr>
            <td>Zone 2</td>
            <td class="badge-cell"><span class="badge hr-zone-2">124</span></td>
            <td class="badge-cell"><span class="badge hr-zone-2">153</span></td>
          </tr>
          <tr>
            <td>Zone 3</td>
            <td class="badge-cell"><span class="badge hr-zone-3">154</span></td>
            <td class="badge-cell"><span class="badge hr-zone-3">169</span></td>
          </tr>
          <tr>
            <td>Zone 4</td>
            <td class="badge-cell"><span class="badge hr-zone-4">170</span></td>
            <td class="badge-cell"><span class="badge hr-zone-4">184</span></td>
          </tr>
          <tr>
            <td>Zone 5</td>
            <td class="badge-cell"><span class="badge hr-zone-5">185</span></td>
            <td class="badge-cell"><span class="badge hr-zone-5">-1</span></td>
          </tr>
          </tbody>
        </table>
      </div>
      <div class="modal-footer">
        <button type="button" class="btn btn-default" data-dismiss="modal">Close</button>
      </div>
    </div>
  </div>
</div>


  </div><!-- ./wrapper -->

  <script src="/assets/application.js"></script>
  <script src="/assets/athletes.js"></script>
  <script src="/packs-test/athletes.bundle.js"></script>

</body>

</html>
