<!DOCTYPE html>
<html lang="en">
  <head>
        <title>Strafforts | Strava User | Overview</title>

    <meta charset="utf-8">

    <!-- Google Tag Manager -->
<script>(function(w,d,s,l,i){w[l]=w[l]||[];w[l].push({'gtm.start':
new Date().getTime(),event:'gtm.js'});var f=d.getElementsByTagName(s)[0],
j=d.createElement(s),dl=l!='dataLayer'?'&l='+l:'';j.async=true;j.src=
'https://www.googletagmanager.com/gtm.js?id='+i+dl;f.parentNode.insertBefore(j,f);
})(window,document,'script','dataLayer','');</script>
<!-- End Google Tag Manager -->


    <!-- Tell the browser to be responsive to screen width -->
    <meta content="width=device-width, initial-scale=1" name="viewport">

    <!-- SEO meta tags -->
    <meta name="author" content="Yi Zeng">
        <meta property="og:title" content="Strafforts | Strava User | Overview" />
    <meta property="og:locale" content="en" />
    <meta name="description" content="Visualized Strava running best efforts, PBs/PRs and races data for Strava User." />
    <meta property="og:description" content="Visualized Strava running best efforts, PBs/PRs and races data for Strava User." />
    <meta property="og:url" content="https://www.strafforts.com" />
    <meta name="keywords" content="strava,strafforts,bestefforts,pb,races,running,data,visualizer,analyticsStrava User"/>
    <script type="application/ld+json">{"@context": "http://schema.org","@type": "WebSite","name": "Straffrots","author":"Yi Zeng","description":"Visualized Strava running best efforts, PBs/PRs and races data for Strava User.","url": "https://www.strafforts.com/athletes/98765"}</script>

    

    <!-- HTML5 Shim and Respond.js IE8 support of HTML5 elements and media queries -->
    <!-- WARNING: Respond.js doesn't work if you view the page via file:// -->
    <!--[if lt IE 9]>
      <script src="/assets/html5shiv/dist/html5shiv.min.js"></script>
      <script src="/assets/respond.js/dest/respond.min.js"></script>
    <![endif]-->

    <link rel="stylesheet" media="all" href="/packs-test/athletes.css" />

    <link rel="dns-prefetch" href="//fonts.googleapis.com/">
  </head>

  <body class="hold-transition skin-black-light sidebar-mini page-loading">

  <!-- Google Tag Manager (noscript) -->
<noscript><iframe src="https://www.googletagmanager.com/ns.html?id="
height="0" width="0" style="display:none;visibility:hidden"></iframe></noscript>
<!-- End Google Tag Manager (noscript) -->


  <div id="fb-root"></div>
  <div class="wrapper">

    <header class="main-header">
  <a class="logo" title="Strafforts" href="/">
    <!-- Logo -->
    <!-- mini logo for sidebar mini 50x50 pixels -->
    <span class="logo-mini">
      <b>S</b>FTS</span>
    <!-- logo for regular state and mobile devices -->
    <span class="logo-lg">
      <b>Stra</b>fforts</span>
  </a>

  <!-- Header Navbar: style can be found in header.less -->
  <nav class="navbar navbar-static-top">

    <!-- Sidebar toggle button-->
    <a class="sidebar-toggle hidden-lg-up" title="Toggle Navigation Sidebar" data-toggle="push-menu" href="#" role="button">
      <span class="sr-only">Toggle navigation</span>
    </a>

    <div class="navbar-custom-menu">
      <ul class="nav navbar-nav">
        <li class="hidden-xs-down">
          <div class="fb-like" data-href="https://www.facebook.com/strafforts" data-layout="button_count"
            data-action="like" data-size="small" data-show-faces="false" data-share="false"></div>
        </li>

        <li class="dropdown user user-menu">
          <a class="dropdown-toggle" data-toggle="dropdown" href="#" title="Toggle User Dropdown Menu">
                <img alt="User Image" class="athlete-image user-image" src="/assets/strava-profile.png">
            <span class="hidden-xs athlete-name">Strava User</span>
          </a>

          <ul class="dropdown-menu">
            <li class="user-header">
              <a class="athlete-link" href="https://www.strava.com/athletes/98765" target="_blank">
                    <img alt="User Image" class="athlete-image img-circle" src="/assets/strava-profile.png">
              </a>
              <p>
                <span class="athlete-name">Strava User</span>
              </p>
              <p>
                <small class="athlete-location"></small>
              </p>
            </li>

            <!-- Menu Body -->
            <li class="user-body">
              <div class="row">
                <div class="col-xs-4 text-center">
                  Following<br/>
                  <a class="athlete-following" title="Following" href="https://www.strava.com/athletes/98765/follows?type=following" target="_blank">
                    0
                  </a>
                </div>

                <div class="col-xs-4 text-center">
                  <a href="#"></a>
                </div>

                <div class="col-xs-4 text-center">
                  Follower<br/>
                  <a class="athlete-follower" title="Follower" href="https://www.strava.com/athletes/98765/follows?type=followers" target="_blank">
                    0
                  </a>
                </div>
              </div>
            </li>
          </ul>
        </li>

        <li class="hidden-xs-down">
          <a class='subscription-badge'>
            <span class="free-account">
              FREE
            </span>
          </a>
        </li>

        <li>
          <a class="social-sharing-toggle hidden-xs-down" href="#" data-toggle="modal" data-target="#modal-social-sharing" title="Share This Profile">
            <i class="fa fa-share-alt"></i>
          </a>
        </li>

        <li>
          <a class="show-faq" href="?view=faq" title="Show FAQ">
            <i class="fa fa-question-circle"></i>
          </a>
        </li>

          <li>
            <a href="https://www.strava.com/oauth/authorize?client_id=&amp;response_type=code&amp;redirect_uri=http://www.example.com:80/auth/exchange-token&amp;approval_prompt=auto&amp;scope=read,profile:read_all,activity:read" class="btn-connect-with-strava" title="Connect With Strava">
              <img alt="Connect With Strava" src="/assets/btn_strava_connectwith_orange.png" />
            </a>
          </li> 
      </ul>
    </div>
  </nav>
</header>

<!-- Modal - Social Sharing -->
<div class="modal" id="modal-social-sharing" tabindex="-1" role="dialog" aria-labelledby="modal-social-sharing-label">
  <div class="modal-dialog" role="document">
    <div class="modal-content">
      <div class="modal-header">
        <button type="button" class="close" data-dismiss="modal" aria-label="Close">
          <span aria-hidden="true">&times;</span>
        </button>
        <h4 class="modal-title" id="modal-social-sharing-label">
          Share This Profile
        </h4>
      </div>
      <div class="modal-body">
        <div class='loading-icon-panel text-center overlay'>
            <span title='Loading Sharing Plugin...'>
                <i class='fa fa-spin fa-refresh'></i>
            </span>
        </div>
        <!-- Go to www.addthis.com/dashboard to customize your tools -->
        <div class="addthis_inline_share_toolbox text-center"></div>
      </div>
      <div class="modal-footer">
        <button type="button" class="btn btn-default text-center" data-dismiss="modal">Close</button>
      </div>
    </div>
  </div>
</div>

    <!-- Left side column. contains the logo and sidebar -->
<aside class="main-sidebar">
  <section class="sidebar">
    <!-- sidebar: style can be found in sidebar.less -->
    <div class="text-center user-panel">
      <!-- Sidebar user panel -->
      <div class="image">
        <span class="athlete-link">
          <img alt="User Image" class="athlete-image img-circle" src="/assets/strava-profile.png">
        </span>
      </div>

      <div class="info">
        <span id="athlete-id" class="hidden">98765</span>
        <span class="athlete-name">Strava User</span>

        <p class='subscription-badge'>
          <span class="label free-account">
            FREE
          </span>
        </p>

      </div>
    </div>

    <ul class="sidebar-menu" data-widget="tree">
      <li>
        <a class="show-overview treeview-header" href="?view=overview">
          <i class="fa fa-home"></i>
          <span>Overview</span>
        </a>
      </li>

      <li>
        <a class="show-best-efforts treeview-header" href="?view=best-efforts">
          <i class="fa fa-flag-checkered"></i>
          <span>Best Efforts</span>
        </a>
      </li>

      <li class="active treeview">
        <a class="treeview-header disabled" href="#">
          <i class="fa fa-trophy"></i>
          <span>PBs by Distance</span>
        </a>

        <ul class="treeview-menu">
          <li id="treeview-menu-personal-bests-for-distance" class="treeview-expander treeview">
            <a href="#" class="show-more-distance">
              <i class="fa fa-circle-o"> </i>More Distances
              <span class='subscription-badge'><span class="label">PRO</span></span>
            </a>

            <ul class="treeview-menu disabled pro-only"></ul>
          </li>
        </ul>
      </li>

      <li class="active treeview">
        <a class="treeview-header disabled" href="#">
          <i class="fa fa-pie-chart"></i>
          <span>Races by Distance</span>
        </a>

        <ul class="treeview-menu">

          <li id="treeview-menu-races-for-distance" class="treeview-expander treeview">
            <a href="#" class="show-more-distance">
              <i class="fa fa-circle-o"> </i>More Distances
              <span class='subscription-badge'><span class="label">PRO</span></span>
            </a>

            <ul class="treeview-menu disabled pro-only"></ul>
          </li>
        </ul>
      </li>

      <li>
        <a class="show-races-timeline treeview-header disabled pro-only"
          href="?view=timeline&type=races">
          <i class="fa fa-calendar"></i>
          <span class="item-text">Races Timeline</span>
          <span class='subscription-badge'><span class="label">PRO</span></span>
        </a>
      </li>

      <li class="active treeview">
        <a class="treeview-header disabled" href="#">
          <i class="fa fa-line-chart"></i>
          <span>Races by Year</span>
          <span class='subscription-badge'><span class="label">PRO</span></span>
        </a>

        <ul class="treeview-menu disabled pro-only">
          <li id="treeview-menu-races-for-year" class="treeview-expander treeview hidden"></li>
        </ul>
      </li>
    </ul>
  </section>
  <!-- /.sidebar -->
</aside>

    <!-- Content Wrapper. Contains page content -->
    <div class="content-wrapper">


      <div class="global-message bg-yellow hidden-md-up">
        <span>For better Strafforts user experience with more data displayed, please consider using devices with larger screens.</span>
      </div>

      <!-- Content Header (Page header) -->
      <section class="content-header">
        <ol class="breadcrumb">
          <li>
            <a class="show-overview" href="#">
              <i class="fa fa-home"></i>
              Strafforts
            </a>
          </li>
        </ol>
      </section>

      <!-- Main content -->
      <section class="content" id="main-content">
        <div class='loading-icon-panel text-center overlay'>
          <span title='Loading Data...'>
            <i class='fa fa-spin fa-refresh'></i>
          </span>
        </div>
      </section>
    </div><!-- /.content-wrapper -->

    <footer class="main-footer">
  <span class="pull-right">
      <a class="bg-strava btn label" href="mailto:support@strafforts.com" target="_blank">Contact Us</a>
          <small>v1.7.3</small>
  </span>
</footer>



  </div><!-- ./wrapper -->

  <script src="/assets/application.js"></script>
  <script src="/assets/athletes.js"></script>
  <script src="/packs-test/athletes.bundle.js"></script>

</body>

</html>
